W0825 16:38:08.233645    9087 pjrt_executable.cc:642] Assume version compatibility. PjRt-IFRT does not track XLA executable versions.
W0825 16:38:08.560733    9087 pjrt_executable.cc:642] Assume version compatibility. PjRt-IFRT does not track XLA executable versions.
W0825 16:38:08.708897    9087 pjrt_executable.cc:642] Assume version compatibility. PjRt-IFRT does not track XLA executable versions.
W0825 16:38:08.770771    9087 pjrt_executable.cc:642] Assume version compatibility. PjRt-IFRT does not track XLA executable versions.
W0825 16:38:08.778464    9087 pjrt_executable.cc:642] Assume version compatibility. PjRt-IFRT does not track XLA executable versions.
W0825 16:38:21.716527    9087 pjrt_executable.cc:642] Assume version compatibility. PjRt-IFRT does not track XLA executable versions.
W0825 16:38:21.743644    9087 pjrt_executable.cc:642] Assume version compatibility. PjRt-IFRT does not track XLA executable versions.
W0825 16:38:21.753467    9087 pjrt_executable.cc:642] Assume version compatibility. PjRt-IFRT does not track XLA executable versions.
W0825 16:38:21.762927    9087 pjrt_executable.cc:642] Assume version compatibility. PjRt-IFRT does not track XLA executable versions.
W0825 16:38:21.772665    9087 pjrt_executable.cc:642] Assume version compatibility. PjRt-IFRT does not track XLA executable versions.
W0825 16:38:21.783456    9087 pjrt_executable.cc:642] Assume version compatibility. PjRt-IFRT does not track XLA executable versions.
W0825 16:38:21.794314    9087 pjrt_executable.cc:642] Assume version compatibility. PjRt-IFRT does not track XLA executable versions.
W0825 16:38:21.803156    9087 pjrt_executable.cc:642] Assume version compatibility. PjRt-IFRT does not track XLA executable versions.
W0825 16:38:21.811000    9087 pjrt_executable.cc:642] Assume version compatibility. PjRt-IFRT does not track XLA executable versions.
W0825 16:38:21.822203    9087 pjrt_executable.cc:642] Assume version compatibility. PjRt-IFRT does not track XLA executable versions.
W0825 16:38:21.833279    9087 pjrt_executable.cc:642] Assume version compatibility. PjRt-IFRT does not track XLA executable versions.
W0825 16:38:21.843601    9087 pjrt_executable.cc:642] Assume version compatibility. PjRt-IFRT does not track XLA executable versions.
W0825 16:38:21.857565    9087 pjrt_executable.cc:642] Assume version compatibility. PjRt-IFRT does not track XLA executable versions.
W0825 16:38:21.868309    9087 pjrt_executable.cc:642] Assume version compatibility. PjRt-IFRT does not track XLA executable versions.
W0825 16:38:21.876201    9087 pjrt_executable.cc:642] Assume version compatibility. PjRt-IFRT does not track XLA executable versions.
W0825 16:38:21.886426    9087 pjrt_executable.cc:642] Assume version compatibility. PjRt-IFRT does not track XLA executable versions.
W0825 16:38:21.901325    9087 pjrt_executable.cc:642] Assume version compatibility. PjRt-IFRT does not track XLA executable versions.
W0825 16:38:21.917056    9087 pjrt_executable.cc:642] Assume version compatibility. PjRt-IFRT does not track XLA executable versions.
W0825 16:38:22.061973    9087 pjrt_executable.cc:642] Assume version compatibility. PjRt-IFRT does not track XLA executable versions.
W0825 16:38:22.071054    9087 pjrt_executable.cc:642] Assume version compatibility. PjRt-IFRT does not track XLA executable versions.
W0825 16:38:33.768151    9087 pjrt_executable.cc:642] Assume version compatibility. PjRt-IFRT does not track XLA executable versions.
W0825 16:38:42.878409    9087 pjrt_executable.cc:642] Assume version compatibility. PjRt-IFRT does not track XLA executable versions.
W0825 16:38:43.650330    9087 pjrt_executable.cc:642] Assume version compatibility. PjRt-IFRT does not track XLA executable versions.
W0825 16:38:44.057850    9087 pjrt_executable.cc:642] Assume version compatibility. PjRt-IFRT does not track XLA executable versions.
W0825 16:38:44.070956    9087 pjrt_executable.cc:642] Assume version compatibility. PjRt-IFRT does not track XLA executable versions.
W0825 16:38:45.411043    9087 pjrt_executable.cc:642] Assume version compatibility. PjRt-IFRT does not track XLA executable versions.
W0825 16:38:47.275448    9087 pjrt_executable.cc:642] Assume version compatibility. PjRt-IFRT does not track XLA executable versions.
W0825 16:38:47.298711    9087 pjrt_executable.cc:642] Assume version compatibility. PjRt-IFRT does not track XLA executable versions.
W0825 16:38:48.172404    9087 pjrt_executable.cc:642] Assume version compatibility. PjRt-IFRT does not track XLA executable versions.
W0825 16:38:53.544226    9087 pjrt_executable.cc:642] Assume version compatibility. PjRt-IFRT does not track XLA executable versions.
W0825 16:38:58.997265    9087 pjrt_executable.cc:642] Assume version compatibility. PjRt-IFRT does not track XLA executable versions.
W0825 16:38:59.013878    9087 pjrt_executable.cc:642] Assume version compatibility. PjRt-IFRT does not track XLA executable versions.
W0825 16:38:59.562508    9087 pjrt_executable.cc:642] Assume version compatibility. PjRt-IFRT does not track XLA executable versions.
W0825 16:39:08.781436    9087 pjrt_executable.cc:642] Assume version compatibility. PjRt-IFRT does not track XLA executable versions.
W0825 16:39:09.197397    9087 pjrt_executable.cc:642] Assume version compatibility. PjRt-IFRT does not track XLA executable versions.
W0825 16:39:10.335597    9087 pjrt_executable.cc:642] Assume version compatibility. PjRt-IFRT does not track XLA executable versions.
W0825 16:39:10.351097    9087 pjrt_executable.cc:642] Assume version compatibility. PjRt-IFRT does not track XLA executable versions.
W0825 16:39:12.191373    9087 pjrt_executable.cc:642] Assume version compatibility. PjRt-IFRT does not track XLA executable versions.
W0825 16:39:20.493474    9087 pjrt_executable.cc:642] Assume version compatibility. PjRt-IFRT does not track XLA executable versions.
W0825 16:39:25.945646    9087 pjrt_executable.cc:642] Assume version compatibility. PjRt-IFRT does not track XLA executable versions.
W0825 16:39:27.373882    9087 pjrt_executable.cc:642] Assume version compatibility. PjRt-IFRT does not track XLA executable versions.
W0825 16:39:27.393635    9087 pjrt_executable.cc:642] Assume version compatibility. PjRt-IFRT does not track XLA executable versions.
W0825 16:39:33.128606    9087 pjrt_executable.cc:642] Assume version compatibility. PjRt-IFRT does not track XLA executable versions.
W0825 16:39:33.479669    9087 pjrt_executable.cc:642] Assume version compatibility. PjRt-IFRT does not track XLA executable versions.
W0825 16:39:33.851910    9087 pjrt_executable.cc:642] Assume version compatibility. PjRt-IFRT does not track XLA executable versions.
W0825 16:39:34.432346    9087 pjrt_executable.cc:642] Assume version compatibility. PjRt-IFRT does not track XLA executable versions.
W0825 16:39:34.450564    9087 pjrt_executable.cc:642] Assume version compatibility. PjRt-IFRT does not track XLA executable versions.
W0825 16:39:34.883712    9087 pjrt_executable.cc:642] Assume version compatibility. PjRt-IFRT does not track XLA executable versions.
W0825 16:39:34.900857    9087 pjrt_executable.cc:642] Assume version compatibility. PjRt-IFRT does not track XLA executable versions.
W0825 16:39:40.305028    9087 pjrt_executable.cc:642] Assume version compatibility. PjRt-IFRT does not track XLA executable versions.
W0825 16:39:48.132578    9087 pjrt_executable.cc:642] Assume version compatibility. PjRt-IFRT does not track XLA executable versions.
W0825 16:39:48.149026    9087 pjrt_executable.cc:642] Assume version compatibility. PjRt-IFRT does not track XLA executable versions.
W0825 16:39:49.440757    9087 pjrt_executable.cc:642] Assume version compatibility. PjRt-IFRT does not track XLA executable versions.
W0825 16:39:49.457976    9087 pjrt_executable.cc:642] Assume version compatibility. PjRt-IFRT does not track XLA executable versions.
W0825 16:39:50.626148    9087 pjrt_executable.cc:642] Assume version compatibility. PjRt-IFRT does not track XLA executable versions.
W0825 16:39:50.643292    9087 pjrt_executable.cc:642] Assume version compatibility. PjRt-IFRT does not track XLA executable versions.
W0825 16:39:54.405856    9087 pjrt_executable.cc:642] Assume version compatibility. PjRt-IFRT does not track XLA executable versions.
W0825 16:39:58.606912    9087 pjrt_executable.cc:642] Assume version compatibility. PjRt-IFRT does not track XLA executable versions.
W0825 16:40:05.807604    9087 pjrt_executable.cc:642] Assume version compatibility. PjRt-IFRT does not track XLA executable versions.
W0825 16:40:15.747759    9087 pjrt_executable.cc:642] Assume version compatibility. PjRt-IFRT does not track XLA executable versions.
W0825 16:40:18.529427    9087 pjrt_executable.cc:642] Assume version compatibility. PjRt-IFRT does not track XLA executable versions.
W0825 16:41:43.581896    9087 pjrt_executable.cc:642] Assume version compatibility. PjRt-IFRT does not track XLA executable versions.
W0825 16:41:48.874902    9087 pjrt_executable.cc:642] Assume version compatibility. PjRt-IFRT does not track XLA executable versions.
W0825 16:41:50.714428    9087 pjrt_executable.cc:642] Assume version compatibility. PjRt-IFRT does not track XLA executable versions.
W0825 16:41:50.739035    9087 pjrt_executable.cc:642] Assume version compatibility. PjRt-IFRT does not track XLA executable versions.
W0825 16:41:53.174074    9087 pjrt_executable.cc:642] Assume version compatibility. PjRt-IFRT does not track XLA executable versions.
WARNING: All log messages before absl::InitializeLog() is called are written to STDERR
W0000 00:00:1787676346.374071    9087 gpu_bfc_allocator.cc:47] Overriding orig_value setting because the TF_FORCE_GPU_ALLOW_GROWTH environment variable is set. Original config value was false.
W0825 16:48:10.465712    9087 pjrt_executable.cc:642] Assume version compatibility. PjRt-IFRT does not track XLA executable versions.
W0825 16:48:12.080576    9087 pjrt_executable.cc:642] Assume version compatibility. PjRt-IFRT does not track XLA executable versions.
W0825 16:50:34.317588    9087 pjrt_executable.cc:642] Assume version compatibility. PjRt-IFRT does not track XLA executable versions.
W0825 16:51:05.487155    9087 pjrt_executable.cc:642] Assume version compatibility. PjRt-IFRT does not track XLA executable versions.
Failed to import warp: No module named 'warp'
Failed to import mujoco_warp: No module named 'warp'
xml: /content/Open_Duck_Playground/playground/open_duck_mini_v2/xmls/scene_flat_terrain.xml
actuators: ['left_hip_yaw', 'left_hip_roll', 'left_hip_pitch', 'left_knee', 'left_ankle', 'neck_pitch', 'head_pitch', 'head_yaw', 'head_roll', 'right_hip_yaw', 'right_hip_roll', 'right_hip_pitch', 'right_knee', 'right_ankle']
joints: ['floating_base', 'left_hip_yaw', 'left_hip_roll', 'left_hip_pitch', 'left_knee', 'left_ankle', 'neck_pitch', 'head_pitch', 'head_yaw', 'head_roll', 'right_hip_yaw', 'right_hip_roll', 'right_hip_pitch', 'right_knee', 'right_ankle']
backlash joints: []
actuator joints ids: [1, 2, 3, 4, 5, 6, 7, 8, 9, 10, 11, 12, 13, 14]
actuator joints dict: {'left_hip_yaw': 1, 'left_hip_roll': 2, 'left_hip_pitch': 3, 'left_knee': 4, 'left_ankle': 5, 'neck_pitch': 6, 'head_pitch': 7, 'head_yaw': 8, 'head_roll': 9, 'right_hip_yaw': 10, 'right_hip_roll': 11, 'right_hip_pitch': 12, 'right_knee': 13, 'right_ankle': 14}
floating qpos addr: 0 qvel addr: 0
[Poly ref data] Processing ...
[Poly ref data] Done processing
xml: /content/Open_Duck_Playground/playground/open_duck_mini_v2/xmls/scene_flat_terrain.xml
actuators: ['left_hip_yaw', 'left_hip_roll', 'left_hip_pitch', 'left_knee', 'left_ankle', 'neck_pitch', 'head_pitch', 'head_yaw', 'head_roll', 'right_hip_yaw', 'right_hip_roll', 'right_hip_pitch', 'right_knee', 'right_ankle']
joints: ['floating_base', 'left_hip_yaw', 'left_hip_roll', 'left_hip_pitch', 'left_knee', 'left_ankle', 'neck_pitch', 'head_pitch', 'head_yaw', 'head_roll', 'right_hip_yaw', 'right_hip_roll', 'right_hip_pitch', 'right_knee', 'right_ankle']
backlash joints: []
actuator joints ids: [1, 2, 3, 4, 5, 6, 7, 8, 9, 10, 11, 12, 13, 14]
actuator joints dict: {'left_hip_yaw': 1, 'left_hip_roll': 2, 'left_hip_pitch': 3, 'left_knee': 4, 'left_ankle': 5, 'neck_pitch': 6, 'head_pitch': 7, 'head_yaw': 8, 'head_roll': 9, 'right_hip_yaw': 10, 'right_hip_roll': 11, 'right_hip_pitch': 12, 'right_knee': 13, 'right_ankle': 14}
floating qpos addr: 0 qvel addr: 0
[Poly ref data] Processing ...
[Poly ref data] Done processing
Observation size: 101
PPO params: {'action_repeat': 1, 'batch_size': 256, 'clipping_epsilon': 0.2, 'discounting': 0.97, 'entropy_cost': 0.005, 'episode_length': 1000, 'learning_rate': 0.0003, 'max_grad_norm': 1.0, 'normalize_observations': True, 'num_envs': 8192, 'num_evals': 15, 'num_minibatches': 32, 'num_resets_per_eval': 1, 'num_timesteps': 5000000, 'num_updates_per_batch': 4, 'reward_scaling': 1.0, 'unroll_length': 20}
-----------
STEP: 0 reward: 12.295150756835938 reward_std: 9.537680625915527
-----------
Saving checkpoint (step: 0): /content/Open_Duck_Playground/checkpoints/2026_08_25_164546_0
 === EXPORT ONNX === 
(101,) (101,)
(101,) (101,)
(1, 14)
Transferring Dense layer hidden_0, kernel shape (101, 512), bias shape (512,)
Transferring Dense layer hidden_1, kernel shape (512, 256), bias shape (256,)
Transferring Dense layer hidden_2, kernel shape (256, 128), bias shape (128,)
Transferring Dense layer hidden_3, kernel shape (128, 28), bias shape (28,)
Weights transferred successfully.
(101,) (101,)
Tensorflow prediction: [ 0.02309903 -0.01063627  0.13225032  0.09340209 -0.07243864  0.17713644
  0.15884155  0.1274539  -0.00975047 -0.17488675  0.04536585  0.20230041
  0.16909908 -0.21251439]
(101,) (101,)
(101,) (101,)
Saving checkpoint (step: 491520): /content/Open_Duck_Playground/checkpoints/2026_08_25_164812_491520
 === EXPORT ONNX === 
(101,) (101,)
(101,) (101,)
(1, 14)
Transferring Dense layer hidden_0, kernel shape (101, 512), bias shape (512,)
Transferring Dense layer hidden_1, kernel shape (512, 256), bias shape (256,)
Transferring Dense layer hidden_2, kernel shape (256, 128), bias shape (128,)
Transferring Dense layer hidden_3, kernel shape (128, 28), bias shape (28,)
Weights transferred successfully.
(101,) (101,)
Tensorflow prediction: [ 1. -1.  1.  1.  1.  1. -1.  1. -1. -1.  1.  1.  1.  1.]
(101,) (101,)
(101,) (101,)
-----------
STEP: 491520 reward: 15.159006118774414 reward_std: 10.158197402954102
-----------
Saving checkpoint (step: 983040): /content/Open_Duck_Playground/checkpoints/2026_08_25_165105_983040
 === EXPORT ONNX === 
(101,) (101,)
(101,) (101,)
(1, 14)
Transferring Dense layer hidden_0, kernel shape (101, 512), bias shape (512,)
Transferring Dense layer hidden_1, kernel shape (512, 256), bias shape (256,)
Transferring Dense layer hidden_2, kernel shape (256, 128), bias shape (128,)
Transferring Dense layer hidden_3, kernel shape (128, 28), bias shape (28,)
Weights transferred successfully.
(101,) (101,)
Tensorflow prediction: [ 1. -1.  1.  1.  1.  1. -1. -1. -1. -1. -1.  1.  1.  1.]
(101,) (101,)
(101,) (101,)
-----------
STEP: 983040 reward: 17.809389114379883 reward_std: 17.680795669555664
-----------
Saving checkpoint (step: 1474560): /content/Open_Duck_Playground/checkpoints/2026_08_25_165140_1474560
 === EXPORT ONNX === 
(101,) (101,)
(101,) (101,)
(1, 14)
Transferring Dense layer hidden_0, kernel shape (101, 512), bias shape (512,)
Transferring Dense layer hidden_1, kernel shape (512, 256), bias shape (256,)
Transferring Dense layer hidden_2, kernel shape (256, 128), bias shape (128,)
Transferring Dense layer hidden_3, kernel shape (128, 28), bias shape (28,)
Weights transferred successfully.
(101,) (101,)
Tensorflow prediction: [ 1. -1.  1.  1.  1.  1. -1. -1. -1. -1.  1.  1.  1.  1.]
(101,) (101,)
(101,) (101,)
-----------
STEP: 1474560 reward: 19.48691177368164 reward_std: 15.195107460021973
-----------
Saving checkpoint (step: 1966080): /content/Open_Duck_Playground/checkpoints/2026_08_25_165216_1966080
 === EXPORT ONNX === 
(101,) (101,)
(101,) (101,)
(1, 14)
Transferring Dense layer hidden_0, kernel shape (101, 512), bias shape (512,)
Transferring Dense layer hidden_1, kernel shape (512, 256), bias shape (256,)
Transferring Dense layer hidden_2, kernel shape (256, 128), bias shape (128,)
Transferring Dense layer hidden_3, kernel shape (128, 28), bias shape (28,)
Weights transferred successfully.
(101,) (101,)
Tensorflow prediction: [ 1. -1.  1.  1.  1.  1. -1. -1. -1. -1.  1.  1.  1.  1.]
(101,) (101,)
(101,) (101,)
-----------
STEP: 1966080 reward: 21.057418823242188 reward_std: 18.051321029663086
-----------
Saving checkpoint (step: 2457600): /content/Open_Duck_Playground/checkpoints/2026_08_25_165252_2457600
 === EXPORT ONNX === 
(101,) (101,)
(101,) (101,)
(1, 14)
Transferring Dense layer hidden_0, kernel shape (101, 512), bias shape (512,)
Transferring Dense layer hidden_1, kernel shape (512, 256), bias shape (256,)
Transferring Dense layer hidden_2, kernel shape (256, 128), bias shape (128,)
Transferring Dense layer hidden_3, kernel shape (128, 28), bias shape (28,)
Weights transferred successfully.
(101,) (101,)
Tensorflow prediction: [ 1. -1.  1.  1. -1.  1. -1. -1. -1. -1. -1.  1.  1.  1.]
(101,) (101,)
(101,) (101,)
-----------
STEP: 2457600 reward: 27.80033302307129 reward_std: 28.8786563873291
-----------
Saving checkpoint (step: 2949120): /content/Open_Duck_Playground/checkpoints/2026_08_25_165328_2949120
 === EXPORT ONNX === 
(101,) (101,)
(101,) (101,)
(1, 14)
Transferring Dense layer hidden_0, kernel shape (101, 512), bias shape (512,)
Transferring Dense layer hidden_1, kernel shape (512, 256), bias shape (256,)
Transferring Dense layer hidden_2, kernel shape (256, 128), bias shape (128,)
Transferring Dense layer hidden_3, kernel shape (128, 28), bias shape (28,)
Weights transferred successfully.
(101,) (101,)
Tensorflow prediction: [ 1. -1.  1.  1.  1.  1.  1. -1. -1. -1. -1.  1.  1.  1.]
(101,) (101,)
(101,) (101,)
-----------
STEP: 2949120 reward: 31.9627742767334 reward_std: 37.674442291259766
-----------
Saving checkpoint (step: 3440640): /content/Open_Duck_Playground/checkpoints/2026_08_25_165403_3440640
 === EXPORT ONNX === 
(101,) (101,)
(101,) (101,)
(1, 14)
Transferring Dense layer hidden_0, kernel shape (101, 512), bias shape (512,)
Transferring Dense layer hidden_1, kernel shape (512, 256), bias shape (256,)
Transferring Dense layer hidden_2, kernel shape (256, 128), bias shape (128,)
Transferring Dense layer hidden_3, kernel shape (128, 28), bias shape (28,)
Weights transferred successfully.
(101,) (101,)
Tensorflow prediction: [ 1. -1. -1.  1. -1.  1.  1. -1. -1. -1. -1.  1.  1. -1.]
(101,) (101,)
(101,) (101,)
-----------
STEP: 3440640 reward: 45.046058654785156 reward_std: 53.99098205566406
-----------
Saving checkpoint (step: 3932160): /content/Open_Duck_Playground/checkpoints/2026_08_25_165439_3932160
 === EXPORT ONNX === 
(101,) (101,)
(101,) (101,)
(1, 14)
Transferring Dense layer hidden_0, kernel shape (101, 512), bias shape (512,)
Transferring Dense layer hidden_1, kernel shape (512, 256), bias shape (256,)
Transferring Dense layer hidden_2, kernel shape (256, 128), bias shape (128,)
Transferring Dense layer hidden_3, kernel shape (128, 28), bias shape (28,)
Weights transferred successfully.
(101,) (101,)
Tensorflow prediction: [ 1. -1. -1.  1.  1.  1.  1. -1. -1. -1. -1.  1.  1. -1.]
(101,) (101,)
(101,) (101,)
-----------
STEP: 3932160 reward: 49.57806396484375 reward_std: 49.61576843261719
-----------
Saving checkpoint (step: 4423680): /content/Open_Duck_Playground/checkpoints/2026_08_25_165515_4423680
 === EXPORT ONNX === 
(101,) (101,)
(101,) (101,)
(1, 14)
Transferring Dense layer hidden_0, kernel shape (101, 512), bias shape (512,)
Transferring Dense layer hidden_1, kernel shape (512, 256), bias shape (256,)
Transferring Dense layer hidden_2, kernel shape (256, 128), bias shape (128,)
Transferring Dense layer hidden_3, kernel shape (128, 28), bias shape (28,)
Weights transferred successfully.
(101,) (101,)
Tensorflow prediction: [ 1. -1. -1.  1. -1.  1. -1. -1. -1. -1. -1.  1.  1. -1.]
(101,) (101,)
(101,) (101,)
-----------
STEP: 4423680 reward: 55.712440490722656 reward_std: 68.00105285644531
-----------
Saving checkpoint (step: 4915200): /content/Open_Duck_Playground/checkpoints/2026_08_25_165551_4915200
 === EXPORT ONNX === 
(101,) (101,)
(101,) (101,)
(1, 14)
Transferring Dense layer hidden_0, kernel shape (101, 512), bias shape (512,)
Transferring Dense layer hidden_1, kernel shape (512, 256), bias shape (256,)
Transferring Dense layer hidden_2, kernel shape (256, 128), bias shape (128,)
Transferring Dense layer hidden_3, kernel shape (128, 28), bias shape (28,)
Weights transferred successfully.
(101,) (101,)
Tensorflow prediction: [ 1.  1. -1.  1. -1.  1. -1. -1. -1. -1. -1.  1.  1. -1.]
(101,) (101,)
(101,) (101,)
-----------
STEP: 4915200 reward: 61.803226470947266 reward_std: 77.76573944091797
-----------
Saving checkpoint (step: 5406720): /content/Open_Duck_Playground/checkpoints/2026_08_25_165626_5406720
 === EXPORT ONNX === 
(101,) (101,)
(101,) (101,)
(1, 14)
Transferring Dense layer hidden_0, kernel shape (101, 512), bias shape (512,)
Transferring Dense layer hidden_1, kernel shape (512, 256), bias shape (256,)
Transferring Dense layer hidden_2, kernel shape (256, 128), bias shape (128,)
Transferring Dense layer hidden_3, kernel shape (128, 28), bias shape (28,)
Weights transferred successfully.
(101,) (101,)
Tensorflow prediction: [ 1.  1. -1.  1. -1.  1. -1. -1. -1.  1. -1.  1.  1. -1.]
(101,) (101,)
(101,) (101,)
-----------
STEP: 5406720 reward: 61.20901107788086 reward_std: 79.06273651123047
-----------
Saving checkpoint (step: 5898240): /content/Open_Duck_Playground/checkpoints/2026_08_25_165702_5898240
 === EXPORT ONNX === 
(101,) (101,)
(101,) (101,)
(1, 14)
Transferring Dense layer hidden_0, kernel shape (101, 512), bias shape (512,)
Transferring Dense layer hidden_1, kernel shape (512, 256), bias shape (256,)
Transferring Dense layer hidden_2, kernel shape (256, 128), bias shape (128,)
Transferring Dense layer hidden_3, kernel shape (128, 28), bias shape (28,)
Weights transferred successfully.
(101,) (101,)
Tensorflow prediction: [-1.  1.  1.  1. -1.  1. -1. -1.  1.  1. -1.  1.  1. -1.]
(101,) (101,)
(101,) (101,)
-----------
STEP: 5898240 reward: 72.35972595214844 reward_std: 77.91999053955078
-----------
Saving checkpoint (step: 6389760): /content/Open_Duck_Playground/checkpoints/2026_08_25_165737_6389760
 === EXPORT ONNX === 
(101,) (101,)
(101,) (101,)
(1, 14)
Transferring Dense layer hidden_0, kernel shape (101, 512), bias shape (512,)
Transferring Dense layer hidden_1, kernel shape (512, 256), bias shape (256,)
Transferring Dense layer hidden_2, kernel shape (256, 128), bias shape (128,)
Transferring Dense layer hidden_3, kernel shape (128, 28), bias shape (28,)
Weights transferred successfully.
(101,) (101,)
Tensorflow prediction: [-1.  1.  1.  1. -1.  1. -1. -1.  1.  1. -1.  1.  1. -1.]
(101,) (101,)
(101,) (101,)
-----------
STEP: 6389760 reward: 74.93230438232422 reward_std: 89.31355285644531
-----------
Saving checkpoint (step: 6881280): /content/Open_Duck_Playground/checkpoints/2026_08_25_165813_6881280
 === EXPORT ONNX === 
(101,) (101,)
(101,) (101,)
(1, 14)
Transferring Dense layer hidden_0, kernel shape (101, 512), bias shape (512,)
Transferring Dense layer hidden_1, kernel shape (512, 256), bias shape (256,)
Transferring Dense layer hidden_2, kernel shape (256, 128), bias shape (128,)
Transferring Dense layer hidden_3, kernel shape (128, 28), bias shape (28,)
Weights transferred successfully.
(101,) (101,)
Tensorflow prediction: [-1.  1.  1.  1. -1.  1. -1. -1.  1.  1. -1.  1.  1. -1.]
(101,) (101,)
(101,) (101,)
-----------
STEP: 6881280 reward: 78.74540710449219 reward_std: 87.44113159179688
-----------
